Prisma schema loaded from prisma\schema.prisma
Datasource "db": PostgreSQL database "c03_integ", schema "public" at "127.0.0.1:5432"

87 migrations found in prisma/migrations

Applying migration `20260514180000_init_discovery_and_users`
Applying migration `20260514180100_brand_profiles_and_lifecycle`
Applying migration `20260515060635`
Applying migration `20260515120000_product_surface_scan_alignment`
Applying migration `20260525091845_add_user_auth_fields`
Applying migration `20260525093955_remove_user_hashed_password`
Applying migration `20260525112347_add_surface_scan_attempts`
Applying migration `20260527114736_brand_centre_tab1_tab3`
Applying migration `20260527120000_brand_centre_foundation`
Applying migration `20260527140000_brand_centre_tab1_tab3`
Applying migration `20260527180000_brand_profile_plan_started_at`
Applying migration `20260527200000_brand_profile_surface_scrape_and_activity`
Applying migration `20260601120000_uce_universal_campaign_engine`
Applying migration `20260602133000_brand_centre_uce_bridge`
Applying migration `20260604120000_collaboration_module`
Applying migration `20260608120000_brand_escrow_module`
Applying migration `20260608140000_pricing_module`
Applying migration `20260608160000_pricing_billing_invoices`
Applying migration `20260611130000_co_pilot_module`
Applying migration `20260611140000_co_pilot_feedback`
Applying migration `20260624120000_creator_marketplace`
Applying migration `20260624130000_post_marketplace_schema_align`
Applying migration `20260624140000_payouts_hub_alignment`
Applying migration `20260628120000_settings_module`
Applying migration `20260629120000_notifications_module`
Applying migration `20260703120000_creator_onboarding_and_centre`
Applying migration `20260703140000_creator_deferred_features`
Applying migration `20260704120000_command_center_phase_alignment`
Applying migration `20260710120000_discovery_leads_step1_cache`
Applying migration `20260715120000_brand_intelligence_scans`
Applying migration `20260716110000_brand_intelligence_jobs_waitlist_reason`
Applying migration `20260724120000_stage_1a_failed_fallback`
Applying migration `20260725140000_uce_add_asset_brief_wizard`
Applying migration `20260727120000_uce_campaign_status_archived`
Applying migration `20260728100000_co_pilot_validation_checklist_format`
Applying migration `20260805090000_brand_password_and_integrations`
Applying migration `20260810120000_uce_campaign_status_published_live`
Applying migration `20260810120100_uce_campaign_status_drop_active`
Applying migration `20260811120000_uce_application_and_share`
Applying migration `20260811130000_collaboration_phase_1_foundation`
Applying migration `20260811140000_collaboration_phase_3_commercial_commands`
Applying migration `20260811150000_collaboration_phase_3_1_financial_boundary`
Applying migration `20260811160000_collaboration_phase_4_1_fulfillment`
Applying migration `20260811170000_collaboration_phase_4_2_production`
Applying migration `20260811180100_collaboration_phase_4_4_publishing`
Applying migration `20260811190000_collaboration_phase_4_6_settlement`
Applying migration `20260812170000_uce_campaign_canonical_definition`
Applying migration `20260812190000_collaboration_phase_4_7_feedback`
Applying migration `20260815000100_add_canonical_campaign_assets`
Applying migration `20260815000200_add_canonical_campaign_briefs`
Applying migration `20260820120000_gatekeeper_submission_audit`
Applying migration `20260821120000_gatekeeper_recovery_requests`
Applying migration `20260822120000_brand_preview_runtime`
Applying migration `20260825120000_brand_intelligence_w1_0a_persistence`
Applying migration `20260825181500_add_data_extraction_wave1_evidence_persistence`
Applying migration `20260826140000_brand_centre_canonical_state`
Applying migration `20260826180000_data_extraction_wave2_supported_capabilities`
Applying migration `20260826190000_brand_instagram_oauth_state`
Applying migration `20260827223000_product_intelligence_v1_canonical_offering_foundation`
Applying migration `20260827234500_product_intelligence_v1_generic_intelligence_subject_scope`
Applying migration `20260828120000_data_extraction_offering_commercial_evidence`
Applying migration `20260828121000_bs03_billing_profile`
Applying migration `20260828122000_bs08_subscription_lifecycle_foundation`
Applying migration `20260829120000_bs03_billing_identity_history`
Applying migration `20260830120000_bs08_p2c1_cancellation_provider_safety`
Applying migration `20260831120000_bs09_p1_brand_escrow_funding_foundation`
Applying migration `20260901120000_bs05_notification_engine_reconciliation`
Applying migration `20260901130000_bs05_p1c1_snapshot_fencing`
Applying migration `20260902120000_bs06_instagram_reconciliation`
Applying migration `20260903120000_bs06_invalidate_legacy_oauth_states`
Applying migration `20260904120000_bs09_p3c2_route_payout_rebuild`
Applying migration `20260905120000_bs09_p3c2c1_financial_boundary`
Applying migration `20260906120000_bs04_brand_return`
Applying migration `20260907120000_bs12_auth_security`
Applying migration `20260908120000_c01_i1_organization_workspace_foundation`
Applying migration `20260908121000_c01_i1_provider_oauth_transaction`
Applying migration `20260908122000_c01_i1_creator_provider_health`
Applying migration `20260908123000_c01_i1_campaign_continuation`
Applying migration `20260909120000_c05_p0_team_user_identity`
Applying migration `20260909121000_c05_p0_contact_phone`
Applying migration `20260909122000_c05_p0_legal_profile`
Applying migration `20260909123000_c05_p0_payout_destination`
Applying migration `20260910120000_c03_campaign_asset_brief_convergence`
